0 verbose cli /usr/local/bin/node /usr/local/bin/npm
1 info using npm@8.19.4
2 info using node@v16.20.1
3 timing npm:load:whichnode Completed in 0ms
4 timing config:load:defaults Completed in 2ms
5 timing config:load:file:/usr/local/lib/node_modules/npm/npmrc Completed in 0ms
6 timing config:load:builtin Completed in 1ms
7 warn config production Use `--omit=dev` instead.
8 timing config:load:cli Completed in 2ms
9 timing config:load:env Completed in 0ms
10 timing config:load:file:/data/.npmrc Completed in 1ms
11 timing config:load:project Completed in 4ms
12 timing config:load:file:/usr/src/node-red/.npmrc Completed in 3ms
13 timing config:load:user Completed in 3ms
14 timing config:load:file:/usr/local/etc/npmrc Completed in 5ms
15 timing config:load:global Completed in 5ms
16 timing config:load:validate Completed in 0ms
17 timing config:load:credentials Completed in 1ms
18 timing config:load:setEnvs Completed in 1ms
19 timing config:load Completed in 19ms
20 timing npm:load:configload Completed in 19ms
21 timing npm:load:mkdirpcache Completed in 1ms
22 timing npm:load:mkdirplogs Completed in 0ms
23 verbose title npm install node-red-contrib-button-events@2.0.0
24 verbose argv "install" "--no-audit" "--no-update-notifier" "--no-fund" "--save" "--save-prefix" "~" "--production" "--engine-strict" "node-red-contrib-button-events@2.0.0"
25 timing npm:load:setTitle Completed in 1ms
26 timing config:load:flatten Completed in 3ms
27 timing npm:load:display Completed in 5ms
28 verbose logfile logs-max:10 dir:/data/.npm/_logs
29 verbose logfile /data/.npm/_logs/2023-09-03T12_23_59_202Z-debug-0.log
30 timing npm:load:logFile Completed in 5ms
31 timing npm:load:timers Completed in 0ms
32 timing npm:load:configScope Completed in 0ms
33 timing npm:load Completed in 32ms
34 timing arborist:ctor Completed in 1ms
35 silly logfile done cleaning log files
36 timing idealTree:init Completed in 104ms
37 timing idealTree:userRequests Completed in 1ms
38 silly idealTree buildDeps
39 silly fetch manifest node-red-contrib-button-events@2.0.0
40 timing arborist:ctor Completed in 0ms
41 http fetch GET 200 https://registry.npmjs.org/node-red-contrib-button-events 864ms (cache miss)
42 silly placeDep ROOT node-red-contrib-button-events@2.0.0 OK for: node-red-project@0.0.1 want: 2.0.0
43 silly fetch manifest button-events@^1.1.0
44 http fetch GET 200 https://registry.npmjs.org/button-events 798ms (cache miss)
45 timing idealTree:#root Completed in 1671ms
46 silly placeDep ROOT button-events@1.1.0 OK for: node-red-contrib-button-events@2.0.0 want: ^1.1.0
47 timing idealTree:node_modules/node-red-contrib-button-events Completed in 1ms
48 timing idealTree:node_modules/button-events Completed in 0ms
49 timing idealTree:buildDeps Completed in 1673ms
50 timing idealTree:fixDepFlags Completed in 1ms
51 timing idealTree Completed in 1782ms
52 timing reify:loadTrees Completed in 1783ms
53 timing reify:diffTrees Completed in 3ms
54 silly reify moves {}
55 timing reify:retireShallow Completed in 1ms
56 timing reify:createSparse Completed in 1ms
57 timing reify:trashOmits Completed in 0ms
58 timing reify:loadBundles Completed in 0ms
59 silly tarball no local data for node-red-contrib-button-events@https://registry.npmjs.org/node-red-contrib-button-events/-/node-red-contrib-button-events-2.0.0.tgz. Extracting by manifest.
60 silly tarball no local data for button-events@https://registry.npmjs.org/button-events/-/button-events-1.1.0.tgz. Extracting by manifest.
61 http fetch GET 200 https://registry.npmjs.org/node-red-contrib-button-events/-/node-red-contrib-button-events-2.0.0.tgz 52ms (cache miss)
62 timing reifyNode:node_modules/node-red-contrib-button-events Completed in 58ms
63 http fetch GET 200 https://registry.npmjs.org/button-events/-/button-events-1.1.0.tgz 85ms (cache miss)
64 timing reifyNode:node_modules/button-events Completed in 92ms
65 timing reify:unpack Completed in 93ms
66 timing reify:unretire Completed in 0ms
67 timing build:queue Completed in 1ms
68 timing build:deps Completed in 1ms
69 timing build Completed in 1ms
70 timing reify:build Completed in 1ms
71 timing reify:trash Completed in 0ms
72 timing reify:save Completed in 25ms
73 timing reify Completed in 1929ms
74 silly ADD node_modules/button-events
75 silly ADD node_modules/node-red-contrib-button-events
76 timing command:install Completed in 1934ms
77 verbose exit 0
78 timing npm Completed in 2050ms
79 info ok
