0 verbose cli /usr/local/bin/node /usr/local/bin/npm
1 info using npm@8.19.4
2 info using node@v16.20.1
3 timing npm:load:whichnode Completed in 1ms
4 timing config:load:defaults Completed in 1ms
5 timing config:load:file:/usr/local/lib/node_modules/npm/npmrc Completed in 1ms
6 timing config:load:builtin Completed in 1ms
7 warn config production Use `--omit=dev` instead.
8 timing config:load:cli Completed in 3ms
9 timing config:load:env Completed in 0ms
10 timing config:load:file:/data/.npmrc Completed in 1ms
11 timing config:load:project Completed in 3ms
12 timing config:load:file:/usr/src/node-red/.npmrc Completed in 4ms
13 timing config:load:user Completed in 4ms
14 timing config:load:file:/usr/local/etc/npmrc Completed in 4ms
15 timing config:load:global Completed in 4ms
16 timing config:load:validate Completed in 1ms
17 timing config:load:credentials Completed in 1ms
18 timing config:load:setEnvs Completed in 0ms
19 timing config:load Completed in 18ms
20 timing npm:load:configload Completed in 18ms
21 timing npm:load:mkdirpcache Completed in 1ms
22 timing npm:load:mkdirplogs Completed in 0ms
23 verbose title npm install node-red-contrib-zigbee2mqtt@2.7.1
24 verbose argv "install" "--no-audit" "--no-update-notifier" "--no-fund" "--save" "--save-prefix" "~" "--production" "--engine-strict" "node-red-contrib-zigbee2mqtt@2.7.1"
25 timing npm:load:setTitle Completed in 1ms
26 timing config:load:flatten Completed in 2ms
27 timing npm:load:display Completed in 5ms
28 verbose logfile logs-max:10 dir:/data/.npm/_logs
29 verbose logfile /data/.npm/_logs/2023-09-03T12_23_51_858Z-debug-0.log
30 timing npm:load:logFile Completed in 5ms
31 timing npm:load:timers Completed in 0ms
32 timing npm:load:configScope Completed in 0ms
33 timing npm:load Completed in 33ms
34 timing arborist:ctor Completed in 0ms
35 silly logfile done cleaning log files
36 timing arborist:ctor Completed in 0ms
37 timing idealTree:init Completed in 13ms
38 timing idealTree:userRequests Completed in 4ms
39 silly idealTree buildDeps
40 silly fetch manifest node-red-contrib-zigbee2mqtt@2.7.1
41 http fetch GET 200 https://registry.npmjs.org/node-red-contrib-zigbee2mqtt 878ms (cache miss)
42 silly placeDep ROOT node-red-contrib-zigbee2mqtt@2.7.1 OK for: node-red-project@0.0.1 want: 2.7.1
43 silly fetch manifest eventsource@^2.0.2
44 silly fetch manifest mqtt@^4.3.7
45 silly fetch manifest multiple-select@^1.5.2
46 silly fetch manifest request@^2.88.2
47 silly fetch manifest viz.js@^2.1.2
48 http fetch GET 200 https://registry.npmjs.org/mqtt 111ms (cache miss)
49 http fetch GET 200 https://registry.npmjs.org/request 126ms (cache miss)
50 http fetch GET 200 https://registry.npmjs.org/multiple-select 765ms (cache miss)
51 http fetch GET 200 https://registry.npmjs.org/eventsource 805ms (cache miss)
52 http fetch GET 200 https://registry.npmjs.org/viz.js 871ms (cache miss)
53 timing idealTree:#root Completed in 1766ms
54 silly fetch manifest jquery@1.9.1 - 3
55 http fetch GET 200 https://registry.npmjs.org/jquery 59ms (cache miss)
56 silly placeDep ROOT eventsource@2.0.2 OK for: node-red-contrib-zigbee2mqtt@2.7.1 want: ^2.0.2
57 silly placeDep ROOT mqtt@4.3.7 OK for: node-red-contrib-zigbee2mqtt@2.7.1 want: ^4.3.7
58 silly placeDep ROOT multiple-select@1.6.0 OK for: node-red-contrib-zigbee2mqtt@2.7.1 want: ^1.5.2
59 silly placeDep ROOT jquery@3.7.1 OK for: multiple-select@1.6.0 want: 1.9.1 - 3
60 silly placeDep ROOT request@2.88.2 OK for: node-red-contrib-zigbee2mqtt@2.7.1 want: ^2.88.2
61 silly placeDep ROOT viz.js@2.1.2 OK for: node-red-contrib-zigbee2mqtt@2.7.1 want: ^2.1.2
62 silly fetch manifest commist@^1.0.0
63 silly fetch manifest concat-stream@^2.0.0
64 silly fetch manifest debug@^4.1.1
65 silly fetch manifest duplexify@^4.1.1
66 silly fetch manifest help-me@^3.0.0
67 silly fetch manifest inherits@^2.0.3
68 silly fetch manifest lru-cache@^6.0.0
69 silly fetch manifest minimist@^1.2.5
70 silly fetch manifest mqtt-packet@^6.8.0
71 silly fetch manifest number-allocator@^1.0.9
72 silly fetch manifest pump@^3.0.0
73 silly fetch manifest readable-stream@^3.6.0
74 silly fetch manifest reinterval@^1.1.0
75 silly fetch manifest rfdc@^1.3.0
76 silly fetch manifest split2@^3.1.0
77 silly fetch manifest ws@^7.5.5
78 silly fetch manifest xtend@^4.0.2
79 silly fetch manifest aws-sign2@~0.7.0
80 silly fetch manifest aws4@^1.8.0
81 silly fetch manifest caseless@~0.12.0
82 silly fetch manifest combined-stream@~1.0.6
83 silly fetch manifest extend@~3.0.2
84 silly fetch manifest forever-agent@~0.6.1
85 silly fetch manifest form-data@~2.3.2
86 silly fetch manifest har-validator@~5.1.3
87 silly fetch manifest http-signature@~1.2.0
88 silly fetch manifest is-typedarray@~1.0.0
89 silly fetch manifest isstream@~0.1.2
90 silly fetch manifest json-stringify-safe@~5.0.1
91 silly fetch manifest mime-types@~2.1.19
92 silly fetch manifest oauth-sign@~0.9.0
93 silly fetch manifest performance-now@^2.1.0
94 silly fetch manifest qs@~6.5.2
95 silly fetch manifest safe-buffer@^5.1.2
96 silly fetch manifest tough-cookie@~2.5.0
97 silly fetch manifest tunnel-agent@^0.6.0
98 silly fetch manifest uuid@^3.3.2
99 http fetch GET 200 https://registry.npmjs.org/help-me 142ms (cache miss)
100 http fetch GET 200 https://registry.npmjs.org/concat-stream 150ms (cache miss)
101 http fetch GET 200 https://registry.npmjs.org/commist 153ms (cache miss)
102 http fetch GET 200 https://registry.npmjs.org/duplexify 151ms (cache miss)
103 http fetch GET 200 https://registry.npmjs.org/xtend 133ms (cache miss)
104 http fetch GET 200 https://registry.npmjs.org/debug 160ms (cache miss)
105 http fetch GET 200 https://registry.npmjs.org/aws-sign2 152ms (cache miss)
106 http fetch GET 200 https://registry.npmjs.org/aws4 154ms (cache miss)
107 http fetch GET 200 https://registry.npmjs.org/caseless 154ms (cache miss)
108 http fetch GET 200 https://registry.npmjs.org/combined-stream 153ms (cache miss)
109 http fetch GET 200 https://registry.npmjs.org/mqtt-packet 211ms (cache miss)
110 http fetch GET 200 https://registry.npmjs.org/pump 209ms (cache miss)
111 http fetch GET 200 https://registry.npmjs.org/inherits 217ms (cache miss)
112 http fetch GET 200 https://registry.npmjs.org/reinterval 209ms (cache miss)
113 http fetch GET 200 https://registry.npmjs.org/forever-agent 193ms (cache miss)
114 http fetch GET 200 https://registry.npmjs.org/number-allocator 220ms (cache miss)
115 http fetch GET 200 https://registry.npmjs.org/minimist 224ms (cache miss)
116 http fetch GET 200 https://registry.npmjs.org/split2 214ms (cache miss)
117 http fetch GET 200 https://registry.npmjs.org/form-data 229ms (cache miss)
118 http fetch GET 200 https://registry.npmjs.org/isstream 230ms (cache miss)
119 http fetch GET 200 https://registry.npmjs.org/json-stringify-safe 230ms (cache miss)
120 http fetch GET 200 https://registry.npmjs.org/lru-cache 273ms (cache miss)
121 http fetch GET 200 https://registry.npmjs.org/is-typedarray 237ms (cache miss)
122 http fetch GET 200 https://registry.npmjs.org/performance-now 231ms (cache miss)
123 http fetch GET 200 https://registry.npmjs.org/har-validator 241ms (cache miss)
124 http fetch GET 200 https://registry.npmjs.org/oauth-sign 238ms (cache miss)
125 http fetch GET 200 https://registry.npmjs.org/rfdc 272ms (cache miss)
126 http fetch GET 200 https://registry.npmjs.org/safe-buffer 238ms (cache miss)
127 http fetch GET 200 https://registry.npmjs.org/mime-types 254ms (cache miss)
128 http fetch GET 200 https://registry.npmjs.org/qs 256ms (cache miss)
129 http fetch GET 200 https://registry.npmjs.org/tough-cookie 277ms (cache miss)
130 http fetch GET 200 https://registry.npmjs.org/extend 300ms (cache miss)
131 http fetch GET 200 https://registry.npmjs.org/tunnel-agent 278ms (cache miss)
132 http fetch GET 200 https://registry.npmjs.org/ws 314ms (cache miss)
133 http fetch GET 200 https://registry.npmjs.org/readable-stream 330ms (cache miss)
134 http fetch GET 200 https://registry.npmjs.org/uuid 291ms (cache miss)
135 http fetch GET 200 https://registry.npmjs.org/http-signature 314ms (cache miss)
136 timing idealTree:node_modules/node-red-contrib-zigbee2mqtt Completed in 478ms
137 timing idealTree:node_modules/eventsource Completed in 0ms
138 timing idealTree:node_modules/jquery Completed in 0ms
139 silly fetch manifest bufferutil@^4.0.1
140 http fetch GET 200 https://registry.npmjs.org/bufferutil 44ms (cache miss)
141 silly fetch manifest utf-8-validate@^5.0.2
142 http fetch GET 200 https://registry.npmjs.org/utf-8-validate 38ms (cache miss)
143 silly placeDep ROOT commist@1.1.0 OK for: mqtt@4.3.7 want: ^1.0.0
144 silly placeDep ROOT concat-stream@2.0.0 OK for: mqtt@4.3.7 want: ^2.0.0
145 silly placeDep ROOT debug@4.3.4 OK for: mqtt@4.3.7 want: ^4.1.1
146 silly placeDep ROOT duplexify@4.1.2 OK for: mqtt@4.3.7 want: ^4.1.1
147 silly placeDep ROOT help-me@3.0.0 OK for: mqtt@4.3.7 want: ^3.0.0
148 silly placeDep ROOT inherits@2.0.4 OK for: mqtt@4.3.7 want: ^2.0.3
149 silly placeDep ROOT lru-cache@6.0.0 OK for: mqtt@4.3.7 want: ^6.0.0
150 silly placeDep ROOT minimist@1.2.8 OK for: mqtt@4.3.7 want: ^1.2.5
151 silly placeDep ROOT mqtt-packet@6.10.0 OK for: mqtt@4.3.7 want: ^6.8.0
152 silly placeDep ROOT number-allocator@1.0.14 OK for: mqtt@4.3.7 want: ^1.0.9
153 silly placeDep ROOT pump@3.0.0 OK for: mqtt@4.3.7 want: ^3.0.0
154 silly placeDep ROOT readable-stream@3.6.2 OK for: mqtt@4.3.7 want: ^3.6.0
155 silly placeDep ROOT reinterval@1.1.0 OK for: mqtt@4.3.7 want: ^1.1.0
156 silly placeDep ROOT rfdc@1.3.0 OK for: mqtt@4.3.7 want: ^1.3.0
157 silly placeDep ROOT split2@3.2.2 OK for: mqtt@4.3.7 want: ^3.1.0
158 silly placeDep ROOT ws@7.5.9 OK for: mqtt@4.3.7 want: ^7.5.5
159 silly placeDep ROOT xtend@4.0.2 OK for: mqtt@4.3.7 want: ^4.0.2
160 silly fetch manifest leven@^2.1.0
161 silly fetch manifest buffer-from@^1.0.0
162 silly fetch manifest typedarray@^0.0.6
163 silly fetch manifest ms@2.1.2
164 silly fetch manifest end-of-stream@^1.4.1
165 silly fetch manifest stream-shift@^1.0.0
166 silly fetch manifest glob@^7.1.6
167 silly fetch manifest yallist@^4.0.0
168 silly fetch manifest bl@^4.0.2
169 silly fetch manifest process-nextick-args@^2.0.1
170 silly fetch manifest js-sdsl@4.3.0
171 silly fetch manifest end-of-stream@^1.1.0
172 silly fetch manifest once@^1.3.1
173 silly fetch manifest string_decoder@^1.1.1
174 silly fetch manifest util-deprecate@^1.0.1
175 http fetch GET 200 https://registry.npmjs.org/typedarray 66ms (cache miss)
176 http fetch GET 200 https://registry.npmjs.org/yallist 62ms (cache miss)
177 http fetch GET 200 https://registry.npmjs.org/buffer-from 71ms (cache miss)
178 http fetch GET 200 https://registry.npmjs.org/end-of-stream 66ms (cache miss)
179 http fetch GET 200 https://registry.npmjs.org/end-of-stream 76ms (cache miss)
180 http fetch GET 200 https://registry.npmjs.org/string_decoder 77ms (cache miss)
181 http fetch GET 200 https://registry.npmjs.org/util-deprecate 78ms (cache miss)
182 http fetch GET 200 https://registry.npmjs.org/process-nextick-args 83ms (cache miss)
183 http fetch GET 200 https://registry.npmjs.org/stream-shift 89ms (cache miss)
184 http fetch GET 200 https://registry.npmjs.org/glob 91ms (cache miss)
185 http fetch GET 200 https://registry.npmjs.org/leven 101ms (cache miss)
186 http fetch GET 200 https://registry.npmjs.org/once 91ms (cache miss)
187 http fetch GET 200 https://registry.npmjs.org/js-sdsl 94ms (cache miss)
188 http fetch GET 200 https://registry.npmjs.org/bl 149ms (cache miss)
189 http fetch GET 200 https://registry.npmjs.org/ms 380ms (cache miss)
190 timing idealTree:node_modules/mqtt Completed in 497ms
191 silly placeDep ROOT leven@2.1.0 OK for: commist@1.1.0 want: ^2.1.0
192 timing idealTree:node_modules/commist Completed in 1ms
193 silly placeDep ROOT buffer-from@1.1.2 OK for: concat-stream@2.0.0 want: ^1.0.0
194 silly placeDep ROOT typedarray@0.0.6 OK for: concat-stream@2.0.0 want: ^0.0.6
195 timing idealTree:node_modules/concat-stream Completed in 2ms
196 timing idealTree:node_modules/buffer-from Completed in 0ms
197 silly placeDep ROOT ms@2.1.2 OK for: debug@4.3.4 want: 2.1.2
198 timing idealTree:node_modules/debug Completed in 1ms
199 silly placeDep ROOT end-of-stream@1.4.4 OK for: duplexify@4.1.2 want: ^1.4.1
200 silly placeDep ROOT stream-shift@1.0.1 OK for: duplexify@4.1.2 want: ^1.0.0
201 silly fetch manifest once@^1.4.0
202 timing idealTree:node_modules/duplexify Completed in 3ms
203 silly placeDep ROOT once@1.4.0 OK for: end-of-stream@1.4.4 want: ^1.4.0
204 silly fetch manifest wrappy@1
205 http fetch GET 200 https://registry.npmjs.org/wrappy 53ms (cache miss)
206 timing idealTree:node_modules/end-of-stream Completed in 55ms
207 silly placeDep ROOT glob@7.2.3 OK for: help-me@3.0.0 want: ^7.1.6
208 silly fetch manifest fs.realpath@^1.0.0
209 silly fetch manifest inflight@^1.0.4
210 silly fetch manifest minimatch@^3.1.1
211 silly fetch manifest path-is-absolute@^1.0.0
212 http fetch GET 200 https://registry.npmjs.org/inflight 35ms (cache miss)
213 http fetch GET 200 https://registry.npmjs.org/path-is-absolute 42ms (cache miss)
214 http fetch GET 200 https://registry.npmjs.org/minimatch 74ms (cache miss)
215 http fetch GET 200 https://registry.npmjs.org/fs.realpath 81ms (cache miss)
216 timing idealTree:node_modules/help-me Completed in 85ms
217 silly placeDep ROOT fs.realpath@1.0.0 OK for: glob@7.2.3 want: ^1.0.0
218 silly placeDep ROOT inflight@1.0.6 OK for: glob@7.2.3 want: ^1.0.4
219 silly placeDep ROOT minimatch@3.1.2 OK for: glob@7.2.3 want: ^3.1.1
220 silly placeDep ROOT path-is-absolute@1.0.1 OK for: glob@7.2.3 want: ^1.0.0
221 silly fetch manifest brace-expansion@^1.1.7
222 http fetch GET 200 https://registry.npmjs.org/brace-expansion 39ms (cache miss)
223 timing idealTree:node_modules/glob Completed in 46ms
224 timing idealTree:node_modules/fs.realpath Completed in 0ms
225 silly placeDep ROOT wrappy@1.0.2 OK for: inflight@1.0.6 want: 1
226 timing idealTree:node_modules/inflight Completed in 1ms
227 timing idealTree:node_modules/inherits Completed in 0ms
228 timing idealTree:node_modules/leven Completed in 0ms
229 silly placeDep ROOT yallist@4.0.0 OK for: lru-cache@6.0.0 want: ^4.0.0
230 timing idealTree:node_modules/lru-cache Completed in 1ms
231 silly placeDep ROOT brace-expansion@1.1.11 OK for: minimatch@3.1.2 want: ^1.1.7
232 silly fetch manifest balanced-match@^1.0.0
233 silly fetch manifest concat-map@0.0.1
234 http fetch GET 200 https://registry.npmjs.org/concat-map 43ms (cache miss)
235 http fetch GET 200 https://registry.npmjs.org/balanced-match 45ms (cache miss)
236 timing idealTree:node_modules/minimatch Completed in 47ms
237 silly placeDep ROOT balanced-match@1.0.2 OK for: brace-expansion@1.1.11 want: ^1.0.0
238 silly placeDep ROOT concat-map@0.0.1 OK for: brace-expansion@1.1.11 want: 0.0.1
239 timing idealTree:node_modules/brace-expansion Completed in 2ms
240 timing idealTree:node_modules/balanced-match Completed in 0ms
241 timing idealTree:node_modules/concat-map Completed in 0ms
242 timing idealTree:node_modules/minimist Completed in 0ms
243 silly placeDep ROOT bl@4.1.0 OK for: mqtt-packet@6.10.0 want: ^4.0.2
244 silly placeDep ROOT process-nextick-args@2.0.1 OK for: mqtt-packet@6.10.0 want: ^2.0.1
245 silly fetch manifest buffer@^5.5.0
246 http fetch GET 200 https://registry.npmjs.org/buffer 46ms (cache miss)
247 timing idealTree:node_modules/mqtt-packet Completed in 51ms
248 silly placeDep ROOT buffer@5.7.1 OK for: bl@4.1.0 want: ^5.5.0
249 silly fetch manifest base64-js@^1.3.1
250 silly fetch manifest ieee754@^1.1.13
251 http fetch GET 200 https://registry.npmjs.org/base64-js 45ms (cache miss)
252 http fetch GET 200 https://registry.npmjs.org/ieee754 44ms (cache miss)
253 timing idealTree:node_modules/bl Completed in 48ms
254 silly placeDep ROOT base64-js@1.5.1 OK for: buffer@5.7.1 want: ^1.3.1
255 silly placeDep ROOT ieee754@1.2.1 OK for: buffer@5.7.1 want: ^1.1.13
256 timing idealTree:node_modules/buffer Completed in 2ms
257 timing idealTree:node_modules/base64-js Completed in 0ms
258 timing idealTree:node_modules/ieee754 Completed in 0ms
259 timing idealTree:node_modules/ms Completed in 0ms
260 timing idealTree:node_modules/multiple-select Completed in 0ms
261 silly placeDep ROOT js-sdsl@4.3.0 OK for: number-allocator@1.0.14 want: 4.3.0
262 timing idealTree:node_modules/number-allocator Completed in 1ms
263 timing idealTree:node_modules/js-sdsl Completed in 0ms
264 timing idealTree:node_modules/once Completed in 0ms
265 timing idealTree:node_modules/path-is-absolute Completed in 0ms
266 timing idealTree:node_modules/process-nextick-args Completed in 0ms
267 timing idealTree:node_modules/pump Completed in 0ms
268 silly placeDep ROOT string_decoder@1.3.0 OK for: readable-stream@3.6.2 want: ^1.1.1
269 silly placeDep ROOT util-deprecate@1.0.2 OK for: readable-stream@3.6.2 want: ^1.0.1
270 silly fetch manifest safe-buffer@~5.2.0
271 timing idealTree:node_modules/readable-stream Completed in 2ms
272 timing idealTree:node_modules/reinterval Completed in 0ms
273 silly placeDep ROOT aws-sign2@0.7.0 OK for: request@2.88.2 want: ~0.7.0
274 silly placeDep ROOT aws4@1.12.0 OK for: request@2.88.2 want: ^1.8.0
275 silly placeDep ROOT caseless@0.12.0 OK for: request@2.88.2 want: ~0.12.0
276 silly placeDep ROOT combined-stream@1.0.8 OK for: request@2.88.2 want: ~1.0.6
277 silly placeDep ROOT extend@3.0.2 OK for: request@2.88.2 want: ~3.0.2
278 silly placeDep ROOT forever-agent@0.6.1 OK for: request@2.88.2 want: ~0.6.1
279 silly placeDep ROOT form-data@2.3.3 OK for: request@2.88.2 want: ~2.3.2
280 silly placeDep ROOT har-validator@5.1.5 OK for: request@2.88.2 want: ~5.1.3
281 silly placeDep ROOT http-signature@1.2.0 OK for: request@2.88.2 want: ~1.2.0
282 silly placeDep ROOT is-typedarray@1.0.0 OK for: request@2.88.2 want: ~1.0.0
283 silly placeDep ROOT isstream@0.1.2 OK for: request@2.88.2 want: ~0.1.2
284 silly placeDep ROOT json-stringify-safe@5.0.1 OK for: request@2.88.2 want: ~5.0.1
285 silly placeDep ROOT mime-types@2.1.35 OK for: request@2.88.2 want: ~2.1.19
286 silly placeDep ROOT oauth-sign@0.9.0 OK for: request@2.88.2 want: ~0.9.0
287 silly placeDep ROOT performance-now@2.1.0 OK for: request@2.88.2 want: ^2.1.0
288 silly placeDep ROOT qs@6.5.3 OK for: request@2.88.2 want: ~6.5.2
289 silly placeDep ROOT safe-buffer@5.2.1 OK for: request@2.88.2 want: ^5.1.2
290 silly placeDep ROOT tough-cookie@2.5.0 OK for: request@2.88.2 want: ~2.5.0
291 silly placeDep ROOT tunnel-agent@0.6.0 OK for: request@2.88.2 want: ^0.6.0
292 silly placeDep ROOT uuid@3.4.0 OK for: request@2.88.2 want: ^3.3.2
293 silly fetch manifest delayed-stream@~1.0.0
294 silly fetch manifest asynckit@^0.4.0
295 silly fetch manifest ajv@^6.12.3
296 silly fetch manifest har-schema@^2.0.0
297 silly fetch manifest assert-plus@^1.0.0
298 silly fetch manifest jsprim@^1.2.2
299 silly fetch manifest sshpk@^1.7.0
300 silly fetch manifest mime-db@1.52.0
301 silly fetch manifest psl@^1.1.28
302 silly fetch manifest punycode@^2.1.1
303 http fetch GET 200 https://registry.npmjs.org/assert-plus 54ms (cache miss)
304 http fetch GET 200 https://registry.npmjs.org/psl 59ms (cache miss)
305 http fetch GET 200 https://registry.npmjs.org/delayed-stream 66ms (cache miss)
306 http fetch GET 200 https://registry.npmjs.org/har-schema 65ms (cache miss)
307 http fetch GET 200 https://registry.npmjs.org/ajv 135ms (cache miss)
308 http fetch GET 200 https://registry.npmjs.org/mime-db 149ms (cache miss)
309 http fetch GET 200 https://registry.npmjs.org/asynckit 155ms (cache miss)
310 http fetch GET 200 https://registry.npmjs.org/sshpk 153ms (cache miss)
311 http fetch GET 200 https://registry.npmjs.org/jsprim 155ms (cache miss)
312 http fetch GET 200 https://registry.npmjs.org/punycode 154ms (cache miss)
313 timing idealTree:node_modules/request Completed in 189ms
314 timing idealTree:node_modules/aws-sign2 Completed in 0ms
315 timing idealTree:node_modules/aws4 Completed in 0ms
316 timing idealTree:node_modules/caseless Completed in 0ms
317 silly placeDep ROOT delayed-stream@1.0.0 OK for: combined-stream@1.0.8 want: ~1.0.0
318 timing idealTree:node_modules/combined-stream Completed in 2ms
319 timing idealTree:node_modules/delayed-stream Completed in 0ms
320 timing idealTree:node_modules/extend Completed in 0ms
321 timing idealTree:node_modules/forever-agent Completed in 0ms
322 silly placeDep ROOT asynckit@0.4.0 OK for: form-data@2.3.3 want: ^0.4.0
323 timing idealTree:node_modules/form-data Completed in 2ms
324 timing idealTree:node_modules/asynckit Completed in 0ms
325 silly placeDep ROOT ajv@6.12.6 OK for: har-validator@5.1.5 want: ^6.12.3
326 silly placeDep ROOT har-schema@2.0.0 OK for: har-validator@5.1.5 want: ^2.0.0
327 silly fetch manifest fast-deep-equal@^3.1.1
328 silly fetch manifest fast-json-stable-stringify@^2.0.0
329 silly fetch manifest json-schema-traverse@^0.4.1
330 silly fetch manifest uri-js@^4.2.2
331 http fetch GET 200 https://registry.npmjs.org/fast-json-stable-stringify 42ms (cache miss)
332 http fetch GET 200 https://registry.npmjs.org/fast-deep-equal 43ms (cache miss)
333 http fetch GET 200 https://registry.npmjs.org/uri-js 45ms (cache miss)
334 http fetch GET 200 https://registry.npmjs.org/json-schema-traverse 51ms (cache miss)
335 timing idealTree:node_modules/har-validator Completed in 59ms
336 silly placeDep ROOT fast-deep-equal@3.1.3 OK for: ajv@6.12.6 want: ^3.1.1
337 silly placeDep ROOT fast-json-stable-stringify@2.1.0 OK for: ajv@6.12.6 want: ^2.0.0
338 silly placeDep ROOT json-schema-traverse@0.4.1 OK for: ajv@6.12.6 want: ^0.4.1
339 silly placeDep ROOT uri-js@4.4.1 OK for: ajv@6.12.6 want: ^4.2.2
340 silly fetch manifest punycode@^2.1.0
341 timing idealTree:node_modules/ajv Completed in 4ms
342 timing idealTree:node_modules/fast-deep-equal Completed in 0ms
343 timing idealTree:node_modules/fast-json-stable-stringify Completed in 0ms
344 timing idealTree:node_modules/har-schema Completed in 0ms
345 silly placeDep ROOT assert-plus@1.0.0 OK for: http-signature@1.2.0 want: ^1.0.0
346 silly placeDep ROOT jsprim@1.4.2 OK for: http-signature@1.2.0 want: ^1.2.2
347 silly placeDep ROOT sshpk@1.17.0 OK for: http-signature@1.2.0 want: ^1.7.0
348 silly fetch manifest extsprintf@1.3.0
349 silly fetch manifest json-schema@0.4.0
350 silly fetch manifest verror@1.10.0
351 silly fetch manifest asn1@~0.2.3
352 silly fetch manifest dashdash@^1.12.0
353 silly fetch manifest getpass@^0.1.1
354 silly fetch manifest safer-buffer@^2.0.2
355 silly fetch manifest jsbn@~0.1.0
356 silly fetch manifest tweetnacl@~0.14.0
357 silly fetch manifest ecc-jsbn@~0.1.1
358 silly fetch manifest bcrypt-pbkdf@^1.0.0
359 http fetch GET 200 https://registry.npmjs.org/asn1 60ms (cache miss)
360 http fetch GET 200 https://registry.npmjs.org/ecc-jsbn 58ms (cache miss)
361 http fetch GET 200 https://registry.npmjs.org/tweetnacl 61ms (cache miss)
362 http fetch GET 200 https://registry.npmjs.org/jsbn 62ms (cache miss)
363 http fetch GET 200 https://registry.npmjs.org/safer-buffer 64ms (cache miss)
364 http fetch GET 200 https://registry.npmjs.org/extsprintf 69ms (cache miss)
365 http fetch GET 200 https://registry.npmjs.org/json-schema 68ms (cache miss)
366 http fetch GET 200 https://registry.npmjs.org/getpass 66ms (cache miss)
367 http fetch GET 200 https://registry.npmjs.org/verror 68ms (cache miss)
368 http fetch GET 200 https://registry.npmjs.org/bcrypt-pbkdf 62ms (cache miss)
369 http fetch GET 200 https://registry.npmjs.org/dashdash 67ms (cache miss)
370 timing idealTree:node_modules/http-signature Completed in 75ms
371 timing idealTree:node_modules/assert-plus Completed in 0ms
372 timing idealTree:node_modules/is-typedarray Completed in 0ms
373 timing idealTree:node_modules/isstream Completed in 0ms
374 timing idealTree:node_modules/json-schema-traverse Completed in 0ms
375 timing idealTree:node_modules/json-stringify-safe Completed in 0ms
376 silly placeDep ROOT extsprintf@1.3.0 OK for: jsprim@1.4.2 want: 1.3.0
377 silly placeDep ROOT json-schema@0.4.0 OK for: jsprim@1.4.2 want: 0.4.0
378 silly placeDep ROOT verror@1.10.0 OK for: jsprim@1.4.2 want: 1.10.0
379 silly fetch manifest core-util-is@1.0.2
380 http fetch GET 200 https://registry.npmjs.org/core-util-is 31ms (cache miss)
381 timing idealTree:node_modules/jsprim Completed in 37ms
382 timing idealTree:node_modules/extsprintf Completed in 0ms
383 timing idealTree:node_modules/json-schema Completed in 0ms
384 silly placeDep ROOT mime-db@1.52.0 OK for: mime-types@2.1.35 want: 1.52.0
385 timing idealTree:node_modules/mime-types Completed in 1ms
386 timing idealTree:node_modules/mime-db Completed in 0ms
387 timing idealTree:node_modules/oauth-sign Completed in 0ms
388 timing idealTree:node_modules/performance-now Completed in 0ms
389 timing idealTree:node_modules/qs Completed in 0ms
390 timing idealTree:node_modules/rfdc Completed in 0ms
391 timing idealTree:node_modules/safe-buffer Completed in 0ms
392 timing idealTree:node_modules/split2 Completed in 0ms
393 silly placeDep ROOT asn1@0.2.6 OK for: sshpk@1.17.0 want: ~0.2.3
394 silly placeDep ROOT bcrypt-pbkdf@1.0.2 OK for: sshpk@1.17.0 want: ^1.0.0
395 silly placeDep ROOT dashdash@1.14.1 OK for: sshpk@1.17.0 want: ^1.12.0
396 silly placeDep ROOT ecc-jsbn@0.1.2 OK for: sshpk@1.17.0 want: ~0.1.1
397 silly placeDep ROOT getpass@0.1.7 OK for: sshpk@1.17.0 want: ^0.1.1
398 silly placeDep ROOT jsbn@0.1.1 OK for: sshpk@1.17.0 want: ~0.1.0
399 silly placeDep ROOT safer-buffer@2.1.2 OK for: sshpk@1.17.0 want: ^2.0.2
400 silly placeDep ROOT tweetnacl@0.14.5 OK for: sshpk@1.17.0 want: ~0.14.0
401 timing idealTree:node_modules/sshpk Completed in 10ms
402 timing idealTree:node_modules/asn1 Completed in 0ms
403 timing idealTree:node_modules/bcrypt-pbkdf Completed in 0ms
404 timing idealTree:node_modules/dashdash Completed in 0ms
405 timing idealTree:node_modules/ecc-jsbn Completed in 0ms
406 timing idealTree:node_modules/getpass Completed in 0ms
407 timing idealTree:node_modules/jsbn Completed in 0ms
408 timing idealTree:node_modules/safer-buffer Completed in 0ms
409 timing idealTree:node_modules/stream-shift Completed in 0ms
410 timing idealTree:node_modules/string_decoder Completed in 0ms
411 silly placeDep ROOT psl@1.9.0 OK for: tough-cookie@2.5.0 want: ^1.1.28
412 silly placeDep ROOT punycode@2.3.0 OK for: tough-cookie@2.5.0 want: ^2.1.1
413 timing idealTree:node_modules/tough-cookie Completed in 2ms
414 timing idealTree:node_modules/psl Completed in 0ms
415 timing idealTree:node_modules/punycode Completed in 0ms
416 timing idealTree:node_modules/tunnel-agent Completed in 0ms
417 timing idealTree:node_modules/tweetnacl Completed in 0ms
418 timing idealTree:node_modules/typedarray Completed in 0ms
419 timing idealTree:node_modules/uri-js Completed in 0ms
420 timing idealTree:node_modules/util-deprecate Completed in 0ms
421 timing idealTree:node_modules/uuid Completed in 0ms
422 silly placeDep ROOT core-util-is@1.0.2 OK for: verror@1.10.0 want: 1.0.2
423 timing idealTree:node_modules/verror Completed in 2ms
424 timing idealTree:node_modules/core-util-is Completed in 0ms
425 timing idealTree:node_modules/viz.js Completed in 0ms
426 timing idealTree:node_modules/wrappy Completed in 0ms
427 timing idealTree:node_modules/ws Completed in 0ms
428 timing idealTree:node_modules/xtend Completed in 0ms
429 timing idealTree:node_modules/yallist Completed in 0ms
430 timing idealTree:buildDeps Completed in 3481ms
431 timing idealTree:fixDepFlags Completed in 1ms
432 timing idealTree Completed in 3502ms
433 timing reify:loadTrees Completed in 3502ms
434 timing reify:diffTrees Completed in 3ms
435 silly reify moves {}
436 timing reify:retireShallow Completed in 1ms
437 timing reify:createSparse Completed in 15ms
438 timing reify:trashOmits Completed in 0ms
439 timing reify:loadBundles Completed in 0ms
440 silly tarball no local data for core-util-is@https://registry.npmjs.org/core-util-is/-/core-util-is-1.0.2.tgz. Extracting by manifest.
441 silly tarball no local data for punycode@https://registry.npmjs.org/punycode/-/punycode-2.3.0.tgz. Extracting by manifest.
442 silly tarball no local data for psl@https://registry.npmjs.org/psl/-/psl-1.9.0.tgz. Extracting by manifest.
443 silly tarball no local data for tweetnacl@https://registry.npmjs.org/tweetnacl/-/tweetnacl-0.14.5.tgz. Extracting by manifest.
444 silly tarball no local data for jsbn@https://registry.npmjs.org/jsbn/-/jsbn-0.1.1.tgz. Extracting by manifest.
445 silly tarball no local data for getpass@https://registry.npmjs.org/getpass/-/getpass-0.1.7.tgz. Extracting by manifest.
446 silly tarball no local data for safer-buffer@https://registry.npmjs.org/safer-buffer/-/safer-buffer-2.1.2.tgz. Extracting by manifest.
447 silly tarball no local data for ecc-jsbn@https://registry.npmjs.org/ecc-jsbn/-/ecc-jsbn-0.1.2.tgz. Extracting by manifest.
448 silly tarball no local data for dashdash@https://registry.npmjs.org/dashdash/-/dashdash-1.14.1.tgz. Extracting by manifest.
449 silly tarball no local data for bcrypt-pbkdf@https://registry.npmjs.org/bcrypt-pbkdf/-/bcrypt-pbkdf-1.0.2.tgz. Extracting by manifest.
450 silly tarball no local data for asn1@https://registry.npmjs.org/asn1/-/asn1-0.2.6.tgz. Extracting by manifest.
451 silly tarball no local data for mime-db@https://registry.npmjs.org/mime-db/-/mime-db-1.52.0.tgz. Extracting by manifest.
452 silly tarball no local data for verror@https://registry.npmjs.org/verror/-/verror-1.10.0.tgz. Extracting by manifest.
453 silly tarball no local data for json-schema@https://registry.npmjs.org/json-schema/-/json-schema-0.4.0.tgz. Extracting by manifest.
454 silly tarball no local data for extsprintf@https://registry.npmjs.org/extsprintf/-/extsprintf-1.3.0.tgz. Extracting by manifest.
455 silly tarball no local data for sshpk@https://registry.npmjs.org/sshpk/-/sshpk-1.17.0.tgz. Extracting by manifest.
456 silly tarball no local data for jsprim@https://registry.npmjs.org/jsprim/-/jsprim-1.4.2.tgz. Extracting by manifest.
457 silly tarball no local data for assert-plus@https://registry.npmjs.org/assert-plus/-/assert-plus-1.0.0.tgz. Extracting by manifest.
458 silly tarball no local data for uri-js@https://registry.npmjs.org/uri-js/-/uri-js-4.4.1.tgz. Extracting by manifest.
459 silly tarball no local data for json-schema-traverse@https://registry.npmjs.org/json-schema-traverse/-/json-schema-traverse-0.4.1.tgz. Extracting by manifest.
460 silly tarball no local data for fast-json-stable-stringify@https://registry.npmjs.org/fast-json-stable-stringify/-/fast-json-stable-stringify-2.1.0.tgz. Extracting by manifest.
461 silly tarball no local data for fast-deep-equal@https://registry.npmjs.org/fast-deep-equal/-/fast-deep-equal-3.1.3.tgz. Extracting by manifest.
462 silly tarball no local data for har-schema@https://registry.npmjs.org/har-schema/-/har-schema-2.0.0.tgz. Extracting by manifest.
463 silly tarball no local data for ajv@https://registry.npmjs.org/ajv/-/ajv-6.12.6.tgz. Extracting by manifest.
464 silly tarball no local data for asynckit@https://registry.npmjs.org/asynckit/-/asynckit-0.4.0.tgz. Extracting by manifest.
465 silly tarball no local data for delayed-stream@https://registry.npmjs.org/delayed-stream/-/delayed-stream-1.0.0.tgz. Extracting by manifest.
466 silly tarball no local data for uuid@https://registry.npmjs.org/uuid/-/uuid-3.4.0.tgz. Extracting by manifest.
467 silly tarball no local data for tunnel-agent@https://registry.npmjs.org/tunnel-agent/-/tunnel-agent-0.6.0.tgz. Extracting by manifest.
468 silly tarball no local data for tough-cookie@https://registry.npmjs.org/tough-cookie/-/tough-cookie-2.5.0.tgz. Extracting by manifest.
469 silly tarball no local data for safe-buffer@https://registry.npmjs.org/safe-buffer/-/safe-buffer-5.2.1.tgz. Extracting by manifest.
470 silly tarball no local data for qs@https://registry.npmjs.org/qs/-/qs-6.5.3.tgz. Extracting by manifest.
471 silly tarball no local data for performance-now@https://registry.npmjs.org/performance-now/-/performance-now-2.1.0.tgz. Extracting by manifest.
472 silly tarball no local data for oauth-sign@https://registry.npmjs.org/oauth-sign/-/oauth-sign-0.9.0.tgz. Extracting by manifest.
473 silly tarball no local data for mime-types@https://registry.npmjs.org/mime-types/-/mime-types-2.1.35.tgz. Extracting by manifest.
474 silly tarball no local data for json-stringify-safe@https://registry.npmjs.org/json-stringify-safe/-/json-stringify-safe-5.0.1.tgz. Extracting by manifest.
475 silly tarball no local data for isstream@https://registry.npmjs.org/isstream/-/isstream-0.1.2.tgz. Extracting by manifest.
476 silly tarball no local data for is-typedarray@https://registry.npmjs.org/is-typedarray/-/is-typedarray-1.0.0.tgz. Extracting by manifest.
477 silly tarball no local data for http-signature@https://registry.npmjs.org/http-signature/-/http-signature-1.2.0.tgz. Extracting by manifest.
478 silly tarball no local data for har-validator@https://registry.npmjs.org/har-validator/-/har-validator-5.1.5.tgz. Extracting by manifest.
479 silly tarball no local data for form-data@https://registry.npmjs.org/form-data/-/form-data-2.3.3.tgz. Extracting by manifest.
480 silly tarball no local data for forever-agent@https://registry.npmjs.org/forever-agent/-/forever-agent-0.6.1.tgz. Extracting by manifest.
481 silly tarball no local data for extend@https://registry.npmjs.org/extend/-/extend-3.0.2.tgz. Extracting by manifest.
482 silly tarball no local data for combined-stream@https://registry.npmjs.org/combined-stream/-/combined-stream-1.0.8.tgz. Extracting by manifest.
483 silly tarball no local data for caseless@https://registry.npmjs.org/caseless/-/caseless-0.12.0.tgz. Extracting by manifest.
484 silly tarball no local data for aws4@https://registry.npmjs.org/aws4/-/aws4-1.12.0.tgz. Extracting by manifest.
485 silly tarball no local data for aws-sign2@https://registry.npmjs.org/aws-sign2/-/aws-sign2-0.7.0.tgz. Extracting by manifest.
486 silly tarball no local data for util-deprecate@https://registry.npmjs.org/util-deprecate/-/util-deprecate-1.0.2.tgz. Extracting by manifest.
487 silly tarball no local data for string_decoder@https://registry.npmjs.org/string_decoder/-/string_decoder-1.3.0.tgz. Extracting by manifest.
488 silly tarball no local data for js-sdsl@https://registry.npmjs.org/js-sdsl/-/js-sdsl-4.3.0.tgz. Extracting by manifest.
489 silly tarball no local data for ieee754@https://registry.npmjs.org/ieee754/-/ieee754-1.2.1.tgz. Extracting by manifest.
490 silly tarball no local data for base64-js@https://registry.npmjs.org/base64-js/-/base64-js-1.5.1.tgz. Extracting by manifest.
491 silly tarball no local data for buffer@https://registry.npmjs.org/buffer/-/buffer-5.7.1.tgz. Extracting by manifest.
492 silly tarball no local data for process-nextick-args@https://registry.npmjs.org/process-nextick-args/-/process-nextick-args-2.0.1.tgz. Extracting by manifest.
493 silly tarball no local data for bl@https://registry.npmjs.org/bl/-/bl-4.1.0.tgz. Extracting by manifest.
494 silly tarball no local data for concat-map@https://registry.npmjs.org/concat-map/-/concat-map-0.0.1.tgz. Extracting by manifest.
495 silly tarball no local data for balanced-match@https://registry.npmjs.org/balanced-match/-/balanced-match-1.0.2.tgz. Extracting by manifest.
496 silly tarball no local data for brace-expansion@https://registry.npmjs.org/brace-expansion/-/brace-expansion-1.1.11.tgz. Extracting by manifest.
497 silly tarball no local data for wrappy@https://registry.npmjs.org/wrappy/-/wrappy-1.0.2.tgz. Extracting by manifest.
498 silly tarball no local data for yallist@https://registry.npmjs.org/yallist/-/yallist-4.0.0.tgz. Extracting by manifest.
499 silly tarball no local data for path-is-absolute@https://registry.npmjs.org/path-is-absolute/-/path-is-absolute-1.0.1.tgz. Extracting by manifest.
500 silly tarball no local data for minimatch@https://registry.npmjs.org/minimatch/-/minimatch-3.1.2.tgz. Extracting by manifest.
501 silly tarball no local data for inflight@https://registry.npmjs.org/inflight/-/inflight-1.0.6.tgz. Extracting by manifest.
502 silly tarball no local data for fs.realpath@https://registry.npmjs.org/fs.realpath/-/fs.realpath-1.0.0.tgz. Extracting by manifest.
503 silly tarball no local data for glob@https://registry.npmjs.org/glob/-/glob-7.2.3.tgz. Extracting by manifest.
504 silly tarball no local data for once@https://registry.npmjs.org/once/-/once-1.4.0.tgz. Extracting by manifest.
505 silly tarball no local data for stream-shift@https://registry.npmjs.org/stream-shift/-/stream-shift-1.0.1.tgz. Extracting by manifest.
506 silly tarball no local data for ms@https://registry.npmjs.org/ms/-/ms-2.1.2.tgz. Extracting by manifest.
507 silly tarball no local data for end-of-stream@https://registry.npmjs.org/end-of-stream/-/end-of-stream-1.4.4.tgz. Extracting by manifest.
508 silly tarball no local data for typedarray@https://registry.npmjs.org/typedarray/-/typedarray-0.0.6.tgz. Extracting by manifest.
509 silly tarball no local data for buffer-from@https://registry.npmjs.org/buffer-from/-/buffer-from-1.1.2.tgz. Extracting by manifest.
510 silly tarball no local data for leven@https://registry.npmjs.org/leven/-/leven-2.1.0.tgz. Extracting by manifest.
511 silly tarball no local data for xtend@https://registry.npmjs.org/xtend/-/xtend-4.0.2.tgz. Extracting by manifest.
512 silly tarball no local data for rfdc@https://registry.npmjs.org/rfdc/-/rfdc-1.3.0.tgz. Extracting by manifest.
513 silly tarball no local data for ws@https://registry.npmjs.org/ws/-/ws-7.5.9.tgz. Extracting by manifest.
514 silly tarball no local data for split2@https://registry.npmjs.org/split2/-/split2-3.2.2.tgz. Extracting by manifest.
515 silly tarball no local data for reinterval@https://registry.npmjs.org/reinterval/-/reinterval-1.1.0.tgz. Extracting by manifest.
516 silly tarball no local data for readable-stream@https://registry.npmjs.org/readable-stream/-/readable-stream-3.6.2.tgz. Extracting by manifest.
517 silly tarball no local data for pump@https://registry.npmjs.org/pump/-/pump-3.0.0.tgz. Extracting by manifest.
518 silly tarball no local data for number-allocator@https://registry.npmjs.org/number-allocator/-/number-allocator-1.0.14.tgz. Extracting by manifest.
519 silly tarball no local data for mqtt-packet@https://registry.npmjs.org/mqtt-packet/-/mqtt-packet-6.10.0.tgz. Extracting by manifest.
520 silly tarball no local data for minimist@https://registry.npmjs.org/minimist/-/minimist-1.2.8.tgz. Extracting by manifest.
521 silly tarball no local data for lru-cache@https://registry.npmjs.org/lru-cache/-/lru-cache-6.0.0.tgz. Extracting by manifest.
522 silly tarball no local data for inherits@https://registry.npmjs.org/inherits/-/inherits-2.0.4.tgz. Extracting by manifest.
523 silly tarball no local data for help-me@https://registry.npmjs.org/help-me/-/help-me-3.0.0.tgz. Extracting by manifest.
524 silly tarball no local data for duplexify@https://registry.npmjs.org/duplexify/-/duplexify-4.1.2.tgz. Extracting by manifest.
525 silly tarball no local data for commist@https://registry.npmjs.org/commist/-/commist-1.1.0.tgz. Extracting by manifest.
526 silly tarball no local data for debug@https://registry.npmjs.org/debug/-/debug-4.3.4.tgz. Extracting by manifest.
527 silly tarball no local data for concat-stream@https://registry.npmjs.org/concat-stream/-/concat-stream-2.0.0.tgz. Extracting by manifest.
528 silly tarball no local data for viz.js@https://registry.npmjs.org/viz.js/-/viz.js-2.1.2.tgz. Extracting by manifest.
529 silly tarball no local data for jquery@https://registry.npmjs.org/jquery/-/jquery-3.7.1.tgz. Extracting by manifest.
530 silly tarball no local data for request@https://registry.npmjs.org/request/-/request-2.88.2.tgz. Extracting by manifest.
531 silly tarball no local data for multiple-select@https://registry.npmjs.org/multiple-select/-/multiple-select-1.6.0.tgz. Extracting by manifest.
532 silly tarball no local data for mqtt@https://registry.npmjs.org/mqtt/-/mqtt-4.3.7.tgz. Extracting by manifest.
533 silly tarball no local data for eventsource@https://registry.npmjs.org/eventsource/-/eventsource-2.0.2.tgz. Extracting by manifest.
534 silly tarball no local data for node-red-contrib-zigbee2mqtt@https://registry.npmjs.org/node-red-contrib-zigbee2mqtt/-/node-red-contrib-zigbee2mqtt-2.7.1.tgz. Extracting by manifest.
535 http fetch GET 200 https://registry.npmjs.org/core-util-is/-/core-util-is-1.0.2.tgz 611ms (cache miss)
536 timing reifyNode:node_modules/core-util-is Completed in 654ms
537 http fetch GET 200 https://registry.npmjs.org/safer-buffer/-/safer-buffer-2.1.2.tgz 655ms (cache miss)
538 timing reifyNode:node_modules/safer-buffer Completed in 705ms
539 http fetch GET 200 https://registry.npmjs.org/extsprintf/-/extsprintf-1.3.0.tgz 642ms (cache miss)
540 timing reifyNode:node_modules/extsprintf Completed in 705ms
541 http fetch GET 200 https://registry.npmjs.org/performance-now/-/performance-now-2.1.0.tgz 618ms (cache miss)
542 http fetch GET 200 https://registry.npmjs.org/har-schema/-/har-schema-2.0.0.tgz 644ms (cache miss)
543 http fetch GET 200 https://registry.npmjs.org/assert-plus/-/assert-plus-1.0.0.tgz 649ms (cache miss)
544 timing reifyNode:node_modules/assert-plus Completed in 715ms
545 http fetch GET 200 https://registry.npmjs.org/fast-json-stable-stringify/-/fast-json-stable-stringify-2.1.0.tgz 646ms (cache miss)
546 http fetch GET 200 https://registry.npmjs.org/json-schema-traverse/-/json-schema-traverse-0.4.1.tgz 648ms (cache miss)
547 timing reifyNode:node_modules/json-schema-traverse Completed in 716ms
548 http fetch GET 200 https://registry.npmjs.org/jsprim/-/jsprim-1.4.2.tgz 652ms (cache miss)
549 timing reifyNode:node_modules/jsprim Completed in 717ms
550 http fetch GET 200 https://registry.npmjs.org/jsbn/-/jsbn-0.1.1.tgz 670ms (cache miss)
551 timing reifyNode:node_modules/jsbn Completed in 717ms
552 http fetch GET 200 https://registry.npmjs.org/bcrypt-pbkdf/-/bcrypt-pbkdf-1.0.2.tgz 667ms (cache miss)
553 timing reifyNode:node_modules/bcrypt-pbkdf Completed in 724ms
554 http fetch GET 200 https://registry.npmjs.org/verror/-/verror-1.10.0.tgz 664ms (cache miss)
555 timing reifyNode:node_modules/verror Completed in 725ms
556 http fetch GET 200 https://registry.npmjs.org/fast-deep-equal/-/fast-deep-equal-3.1.3.tgz 656ms (cache miss)
557 timing reifyNode:node_modules/fast-deep-equal Completed in 726ms
558 http fetch GET 200 https://registry.npmjs.org/punycode/-/punycode-2.3.0.tgz 682ms (cache miss)
559 timing reifyNode:node_modules/punycode Completed in 728ms
560 http fetch GET 200 https://registry.npmjs.org/getpass/-/getpass-0.1.7.tgz 679ms (cache miss)
561 timing reifyNode:node_modules/getpass Completed in 727ms
562 http fetch GET 200 https://registry.npmjs.org/asn1/-/asn1-0.2.6.tgz 669ms (cache miss)
563 timing reifyNode:node_modules/asn1 Completed in 727ms
564 http fetch GET 200 https://registry.npmjs.org/json-stringify-safe/-/json-stringify-safe-5.0.1.tgz 636ms (cache miss)
565 timing reifyNode:node_modules/json-stringify-safe Completed in 727ms
566 http fetch GET 200 https://registry.npmjs.org/extend/-/extend-3.0.2.tgz 630ms (cache miss)
567 timing reifyNode:node_modules/extend Completed in 728ms
568 http fetch GET 200 https://registry.npmjs.org/forever-agent/-/forever-agent-0.6.1.tgz 631ms (cache miss)
569 timing reifyNode:node_modules/forever-agent Completed in 728ms
570 http fetch GET 200 https://registry.npmjs.org/json-schema/-/json-schema-0.4.0.tgz 674ms (cache miss)
571 timing reifyNode:node_modules/json-schema Completed in 737ms
572 http fetch GET 200 https://registry.npmjs.org/ecc-jsbn/-/ecc-jsbn-0.1.2.tgz 682ms (cache miss)
573 timing reifyNode:node_modules/ecc-jsbn Completed in 737ms
574 http fetch GET 200 https://registry.npmjs.org/oauth-sign/-/oauth-sign-0.9.0.tgz 649ms (cache miss)
575 timing reifyNode:node_modules/oauth-sign Completed in 738ms
576 http fetch GET 200 https://registry.npmjs.org/is-typedarray/-/is-typedarray-1.0.0.tgz 651ms (cache miss)
577 timing reifyNode:node_modules/is-typedarray Completed in 744ms
578 http fetch GET 200 https://registry.npmjs.org/process-nextick-args/-/process-nextick-args-2.0.1.tgz 631ms (cache miss)
579 timing reifyNode:node_modules/process-nextick-args Completed in 748ms
580 http fetch GET 200 https://registry.npmjs.org/balanced-match/-/balanced-match-1.0.2.tgz 628ms (cache miss)
581 timing reifyNode:node_modules/balanced-match Completed in 748ms
582 http fetch GET 200 https://registry.npmjs.org/safe-buffer/-/safe-buffer-5.2.1.tgz 667ms (cache miss)
583 timing reifyNode:node_modules/safe-buffer Completed in 753ms
584 http fetch GET 200 https://registry.npmjs.org/aws4/-/aws4-1.12.0.tgz 647ms (cache miss)
585 timing reifyNode:node_modules/aws4 Completed in 754ms
586 http fetch GET 200 https://registry.npmjs.org/minimatch/-/minimatch-3.1.2.tgz 630ms (cache miss)
587 timing reifyNode:node_modules/minimatch Completed in 754ms
588 http fetch GET 200 https://registry.npmjs.org/delayed-stream/-/delayed-stream-1.0.0.tgz 687ms (cache miss)
589 timing reifyNode:node_modules/delayed-stream Completed in 762ms
590 http fetch GET 200 https://registry.npmjs.org/isstream/-/isstream-0.1.2.tgz 670ms (cache miss)
591 timing reifyNode:node_modules/isstream Completed in 762ms
592 http fetch GET 200 https://registry.npmjs.org/mime-types/-/mime-types-2.1.35.tgz 673ms (cache miss)
593 timing reifyNode:node_modules/mime-types Completed in 763ms
594 http fetch GET 200 https://registry.npmjs.org/caseless/-/caseless-0.12.0.tgz 657ms (cache miss)
595 timing reifyNode:node_modules/caseless Completed in 764ms
596 http fetch GET 200 https://registry.npmjs.org/base64-js/-/base64-js-1.5.1.tgz 650ms (cache miss)
597 timing reifyNode:node_modules/base64-js Completed in 764ms
598 http fetch GET 200 https://registry.npmjs.org/ieee754/-/ieee754-1.2.1.tgz 651ms (cache miss)
599 timing reifyNode:node_modules/ieee754 Completed in 764ms
600 http fetch GET 200 https://registry.npmjs.org/ms/-/ms-2.1.2.tgz 628ms (cache miss)
601 timing reifyNode:node_modules/ms Completed in 764ms
602 http fetch GET 200 https://registry.npmjs.org/tunnel-agent/-/tunnel-agent-0.6.0.tgz 691ms (cache miss)
603 timing reifyNode:node_modules/tunnel-agent Completed in 769ms
604 http fetch GET 200 https://registry.npmjs.org/tough-cookie/-/tough-cookie-2.5.0.tgz 685ms (cache miss)
605 timing reifyNode:node_modules/tough-cookie Completed in 770ms
606 http fetch GET 200 https://registry.npmjs.org/buffer/-/buffer-5.7.1.tgz 655ms (cache miss)
607 timing reifyNode:node_modules/buffer Completed in 770ms
608 http fetch GET 200 https://registry.npmjs.org/concat-map/-/concat-map-0.0.1.tgz 653ms (cache miss)
609 timing reifyNode:node_modules/concat-map Completed in 771ms
610 http fetch GET 200 https://registry.npmjs.org/typedarray/-/typedarray-0.0.6.tgz 632ms (cache miss)
611 timing reifyNode:node_modules/typedarray Completed in 771ms
612 http fetch GET 200 https://registry.npmjs.org/split2/-/split2-3.2.2.tgz 626ms (cache miss)
613 timing reifyNode:node_modules/split2 Completed in 771ms
614 timing reifyNode:node_modules/fast-json-stable-stringify Completed in 776ms
615 http fetch GET 200 https://registry.npmjs.org/asynckit/-/asynckit-0.4.0.tgz 703ms (cache miss)
616 http fetch GET 200 https://registry.npmjs.org/tweetnacl/-/tweetnacl-0.14.5.tgz 731ms (cache miss)
617 http fetch GET 200 https://registry.npmjs.org/uuid/-/uuid-3.4.0.tgz 700ms (cache miss)
618 http fetch GET 200 https://registry.npmjs.org/har-validator/-/har-validator-5.1.5.tgz 681ms (cache miss)
619 warn deprecated har-validator@5.1.5: this library is no longer supported
620 timing reifyNode:node_modules/har-validator Completed in 777ms
621 http fetch GET 200 https://registry.npmjs.org/aws-sign2/-/aws-sign2-0.7.0.tgz 669ms (cache miss)
622 timing reifyNode:node_modules/aws-sign2 Completed in 778ms
623 http fetch GET 200 https://registry.npmjs.org/combined-stream/-/combined-stream-1.0.8.tgz 679ms (cache miss)
624 timing reifyNode:node_modules/combined-stream Completed in 778ms
625 http fetch GET 200 https://registry.npmjs.org/wrappy/-/wrappy-1.0.2.tgz 656ms (cache miss)
626 timing reifyNode:node_modules/wrappy Completed in 777ms
627 http fetch GET 200 https://registry.npmjs.org/path-is-absolute/-/path-is-absolute-1.0.1.tgz 654ms (cache miss)
628 timing reifyNode:node_modules/path-is-absolute Completed in 778ms
629 http fetch GET 200 https://registry.npmjs.org/fs.realpath/-/fs.realpath-1.0.0.tgz 652ms (cache miss)
630 timing reifyNode:node_modules/fs.realpath Completed in 778ms
631 http fetch GET 200 https://registry.npmjs.org/inflight/-/inflight-1.0.6.tgz 653ms (cache miss)
632 timing reifyNode:node_modules/inflight Completed in 778ms
633 http fetch GET 200 https://registry.npmjs.org/reinterval/-/reinterval-1.1.0.tgz 633ms (cache miss)
634 timing reifyNode:node_modules/reinterval Completed in 779ms
635 timing reifyNode:node_modules/asynckit Completed in 782ms
636 timing reifyNode:node_modules/performance-now Completed in 782ms
637 http fetch GET 200 https://registry.npmjs.org/util-deprecate/-/util-deprecate-1.0.2.tgz 674ms (cache miss)
638 timing reifyNode:node_modules/util-deprecate Completed in 783ms
639 http fetch GET 200 https://registry.npmjs.org/once/-/once-1.4.0.tgz 649ms (cache miss)
640 timing reifyNode:node_modules/once Completed in 783ms
641 http fetch GET 200 https://registry.npmjs.org/glob/-/glob-7.2.3.tgz 650ms (cache miss)
642 timing reifyNode:node_modules/glob Completed in 783ms
643 http fetch GET 200 https://registry.npmjs.org/stream-shift/-/stream-shift-1.0.1.tgz 649ms (cache miss)
644 timing reifyNode:node_modules/stream-shift Completed in 784ms
645 http fetch GET 200 https://registry.npmjs.org/dashdash/-/dashdash-1.14.1.tgz 733ms (cache miss)
646 timing reifyNode:node_modules/dashdash Completed in 789ms
647 timing reifyNode:node_modules/tweetnacl Completed in 791ms
648 http fetch GET 200 https://registry.npmjs.org/http-signature/-/http-signature-1.2.0.tgz 696ms (cache miss)
649 timing reifyNode:node_modules/http-signature Completed in 790ms
650 http fetch GET 200 https://registry.npmjs.org/string_decoder/-/string_decoder-1.3.0.tgz 680ms (cache miss)
651 timing reifyNode:node_modules/string_decoder Completed in 790ms
652 http fetch GET 200 https://registry.npmjs.org/yallist/-/yallist-4.0.0.tgz 668ms (cache miss)
653 timing reifyNode:node_modules/yallist Completed in 790ms
654 http fetch GET 200 https://registry.npmjs.org/buffer-from/-/buffer-from-1.1.2.tgz 652ms (cache miss)
655 timing reifyNode:node_modules/buffer-from Completed in 791ms
656 http fetch GET 200 https://registry.npmjs.org/leven/-/leven-2.1.0.tgz 651ms (cache miss)
657 timing reifyNode:node_modules/leven Completed in 791ms
658 http fetch GET 200 https://registry.npmjs.org/rfdc/-/rfdc-1.3.0.tgz 649ms (cache miss)
659 timing reifyNode:node_modules/rfdc Completed in 792ms
660 http fetch GET 200 https://registry.npmjs.org/mime-db/-/mime-db-1.52.0.tgz 747ms (cache miss)
661 timing reifyNode:node_modules/mime-db Completed in 806ms
662 timing reifyNode:node_modules/har-schema Completed in 806ms
663 warn deprecated uuid@3.4.0: Please upgrade  to version 7 or higher.  Older versions may use Math.random() in certain circumstances, which is known to be problematic.  See https://v8.dev/blog/math-random for details.
664 timing reifyNode:node_modules/uuid Completed in 806ms
665 http fetch GET 200 https://registry.npmjs.org/brace-expansion/-/brace-expansion-1.1.11.tgz 686ms (cache miss)
666 timing reifyNode:node_modules/brace-expansion Completed in 806ms
667 http fetch GET 200 https://registry.npmjs.org/number-allocator/-/number-allocator-1.0.14.tgz 658ms (cache miss)
668 http fetch GET 200 https://registry.npmjs.org/xtend/-/xtend-4.0.2.tgz 665ms (cache miss)
669 timing reifyNode:node_modules/xtend Completed in 807ms
670 http fetch GET 200 https://registry.npmjs.org/end-of-stream/-/end-of-stream-1.4.4.tgz 672ms (cache miss)
671 timing reifyNode:node_modules/end-of-stream Completed in 810ms
672 http fetch GET 200 https://registry.npmjs.org/inherits/-/inherits-2.0.4.tgz 651ms (cache miss)
673 timing reifyNode:node_modules/inherits Completed in 811ms
674 http fetch GET 200 https://registry.npmjs.org/duplexify/-/duplexify-4.1.2.tgz 649ms (cache miss)
675 timing reifyNode:node_modules/duplexify Completed in 811ms
676 http fetch GET 200 https://registry.npmjs.org/debug/-/debug-4.3.4.tgz 648ms (cache miss)
677 timing reifyNode:node_modules/debug Completed in 812ms
678 http fetch GET 200 https://registry.npmjs.org/commist/-/commist-1.1.0.tgz 649ms (cache miss)
679 timing reifyNode:node_modules/commist Completed in 811ms
680 http fetch GET 200 https://registry.npmjs.org/bl/-/bl-4.1.0.tgz 698ms (cache miss)
681 timing reifyNode:node_modules/bl Completed in 815ms
682 http fetch GET 200 https://registry.npmjs.org/pump/-/pump-3.0.0.tgz 666ms (cache miss)
683 timing reifyNode:node_modules/pump Completed in 814ms
684 http fetch GET 200 https://registry.npmjs.org/concat-stream/-/concat-stream-2.0.0.tgz 651ms (cache miss)
685 timing reifyNode:node_modules/concat-stream Completed in 815ms
686 http fetch GET 200 https://registry.npmjs.org/minimist/-/minimist-1.2.8.tgz 665ms (cache miss)
687 http fetch GET 200 https://registry.npmjs.org/lru-cache/-/lru-cache-6.0.0.tgz 666ms (cache miss)
688 timing reifyNode:node_modules/lru-cache Completed in 825ms
689 http fetch GET 200 https://registry.npmjs.org/form-data/-/form-data-2.3.3.tgz 741ms (cache miss)
690 timing reifyNode:node_modules/form-data Completed in 837ms
691 timing reifyNode:node_modules/number-allocator Completed in 837ms
692 http fetch GET 200 https://registry.npmjs.org/ws/-/ws-7.5.9.tgz 697ms (cache miss)
693 http fetch GET 200 https://registry.npmjs.org/qs/-/qs-6.5.3.tgz 758ms (cache miss)
694 timing reifyNode:node_modules/ws Completed in 846ms
695 timing reifyNode:node_modules/qs Completed in 852ms
696 http fetch GET 200 https://registry.npmjs.org/psl/-/psl-1.9.0.tgz 812ms (cache miss)
697 timing reifyNode:node_modules/psl Completed in 858ms
698 http fetch GET 200 https://registry.npmjs.org/mqtt-packet/-/mqtt-packet-6.10.0.tgz 701ms (cache miss)
699 http fetch GET 200 https://registry.npmjs.org/help-me/-/help-me-3.0.0.tgz 698ms (cache miss)
700 timing reifyNode:node_modules/minimist Completed in 860ms
701 timing reifyNode:node_modules/mqtt-packet Completed in 861ms
702 http fetch GET 200 https://registry.npmjs.org/readable-stream/-/readable-stream-3.6.2.tgz 715ms (cache miss)
703 timing reifyNode:node_modules/help-me Completed in 863ms
704 timing reifyNode:node_modules/readable-stream Completed in 865ms
705 http fetch GET 200 https://registry.npmjs.org/request/-/request-2.88.2.tgz 709ms (cache miss)
706 warn deprecated request@2.88.2: request has been deprecated, see https://github.com/request/request/issues/3142
707 timing reifyNode:node_modules/request Completed in 881ms
708 http fetch GET 200 https://registry.npmjs.org/sshpk/-/sshpk-1.17.0.tgz 849ms (cache miss)
709 timing reifyNode:node_modules/sshpk Completed in 914ms
710 http fetch GET 200 https://registry.npmjs.org/uri-js/-/uri-js-4.4.1.tgz 862ms (cache miss)
711 timing reifyNode:node_modules/uri-js Completed in 933ms
712 http fetch GET 200 https://registry.npmjs.org/eventsource/-/eventsource-2.0.2.tgz 853ms (cache miss)
713 timing reifyNode:node_modules/eventsource Completed in 1027ms
714 http fetch GET 200 https://registry.npmjs.org/ajv/-/ajv-6.12.6.tgz 959ms (cache miss)
715 timing reifyNode:node_modules/ajv Completed in 1031ms
716 http fetch GET 200 https://registry.npmjs.org/mqtt/-/mqtt-4.3.7.tgz 872ms (cache miss)
717 timing reifyNode:node_modules/mqtt Completed in 1044ms
718 http fetch GET 200 https://registry.npmjs.org/multiple-select/-/multiple-select-1.6.0.tgz 901ms (cache miss)
719 timing reifyNode:node_modules/multiple-select Completed in 1072ms
720 http fetch GET 200 https://registry.npmjs.org/viz.js/-/viz.js-2.1.2.tgz 913ms (cache miss)
721 warn deprecated viz.js@2.1.2: 2.x is no longer supported, 3.x published as @viz-js/viz
722 timing reifyNode:node_modules/viz.js Completed in 1078ms
723 http fetch GET 200 https://registry.npmjs.org/jquery/-/jquery-3.7.1.tgz 924ms (cache miss)
724 timing reifyNode:node_modules/jquery Completed in 1090ms
725 http fetch GET 200 https://registry.npmjs.org/js-sdsl/-/js-sdsl-4.3.0.tgz 983ms (cache miss)
726 timing reifyNode:node_modules/js-sdsl Completed in 1095ms
727 http fetch GET 200 https://registry.npmjs.org/node-red-contrib-zigbee2mqtt/-/node-red-contrib-zigbee2mqtt-2.7.1.tgz 1098ms (cache miss)
728 timing reifyNode:node_modules/node-red-contrib-zigbee2mqtt Completed in 1269ms
729 timing reify:unpack Completed in 1273ms
730 timing reify:unretire Completed in 1ms
731 timing build:queue Completed in 2ms
732 timing build:link:node_modules/mqtt Completed in 3ms
733 timing build:link:node_modules/sshpk Completed in 2ms
734 timing build:link:node_modules/uuid Completed in 2ms
735 timing build:link Completed in 3ms
736 timing build:deps Completed in 7ms
737 timing build Completed in 8ms
738 timing reify:build Completed in 8ms
739 timing reify:trash Completed in 0ms
740 timing reify:save Completed in 25ms
741 timing reify Completed in 4848ms
742 silly ADD node_modules/core-util-is
743 silly ADD node_modules/punycode
744 silly ADD node_modules/psl
745 silly ADD node_modules/tweetnacl
746 silly ADD node_modules/safer-buffer
747 silly ADD node_modules/jsbn
748 silly ADD node_modules/getpass
749 silly ADD node_modules/ecc-jsbn
750 silly ADD node_modules/dashdash
751 silly ADD node_modules/bcrypt-pbkdf
752 silly ADD node_modules/asn1
753 silly ADD node_modules/mime-db
754 silly ADD node_modules/verror
755 silly ADD node_modules/json-schema
756 silly ADD node_modules/extsprintf
757 silly ADD node_modules/sshpk
758 silly ADD node_modules/jsprim
759 silly ADD node_modules/assert-plus
760 silly ADD node_modules/uri-js
761 silly ADD node_modules/json-schema-traverse
762 silly ADD node_modules/fast-json-stable-stringify
763 silly ADD node_modules/fast-deep-equal
764 silly ADD node_modules/har-schema
765 silly ADD node_modules/ajv
766 silly ADD node_modules/asynckit
767 silly ADD node_modules/delayed-stream
768 silly ADD node_modules/uuid
769 silly ADD node_modules/tunnel-agent
770 silly ADD node_modules/tough-cookie
771 silly ADD node_modules/safe-buffer
772 silly ADD node_modules/qs
773 silly ADD node_modules/performance-now
774 silly ADD node_modules/oauth-sign
775 silly ADD node_modules/mime-types
776 silly ADD node_modules/json-stringify-safe
777 silly ADD node_modules/isstream
778 silly ADD node_modules/is-typedarray
779 silly ADD node_modules/http-signature
780 silly ADD node_modules/har-validator
781 silly ADD node_modules/form-data
782 silly ADD node_modules/forever-agent
783 silly ADD node_modules/extend
784 silly ADD node_modules/combined-stream
785 silly ADD node_modules/caseless
786 silly ADD node_modules/aws4
787 silly ADD node_modules/aws-sign2
788 silly ADD node_modules/util-deprecate
789 silly ADD node_modules/string_decoder
790 silly ADD node_modules/js-sdsl
791 silly ADD node_modules/ieee754
792 silly ADD node_modules/base64-js
793 silly ADD node_modules/buffer
794 silly ADD node_modules/process-nextick-args
795 silly ADD node_modules/bl
796 silly ADD node_modules/concat-map
797 silly ADD node_modules/balanced-match
798 silly ADD node_modules/brace-expansion
799 silly ADD node_modules/yallist
800 silly ADD node_modules/wrappy
801 silly ADD node_modules/path-is-absolute
802 silly ADD node_modules/minimatch
803 silly ADD node_modules/inflight
804 silly ADD node_modules/fs.realpath
805 silly ADD node_modules/glob
806 silly ADD node_modules/once
807 silly ADD node_modules/stream-shift
808 silly ADD node_modules/end-of-stream
809 silly ADD node_modules/ms
810 silly ADD node_modules/typedarray
811 silly ADD node_modules/buffer-from
812 silly ADD node_modules/leven
813 silly ADD node_modules/xtend
814 silly ADD node_modules/ws
815 silly ADD node_modules/split2
816 silly ADD node_modules/rfdc
817 silly ADD node_modules/reinterval
818 silly ADD node_modules/readable-stream
819 silly ADD node_modules/pump
820 silly ADD node_modules/number-allocator
821 silly ADD node_modules/mqtt-packet
822 silly ADD node_modules/minimist
823 silly ADD node_modules/lru-cache
824 silly ADD node_modules/inherits
825 silly ADD node_modules/help-me
826 silly ADD node_modules/duplexify
827 silly ADD node_modules/debug
828 silly ADD node_modules/concat-stream
829 silly ADD node_modules/commist
830 silly ADD node_modules/viz.js
831 silly ADD node_modules/request
832 silly ADD node_modules/jquery
833 silly ADD node_modules/multiple-select
834 silly ADD node_modules/mqtt
835 silly ADD node_modules/eventsource
836 silly ADD node_modules/node-red-contrib-zigbee2mqtt
837 timing command:install Completed in 4853ms
838 verbose exit 0
839 timing npm Completed in 4969ms
840 info ok
