0 verbose cli /usr/local/bin/node /usr/local/bin/npm
1 info using npm@8.19.4
2 info using node@v16.20.1
3 timing npm:load:whichnode Completed in 0ms
4 timing config:load:defaults Completed in 2ms
5 timing config:load:file:/usr/local/lib/node_modules/npm/npmrc Completed in 1ms
6 timing config:load:builtin Completed in 1ms
7 timing config:load:cli Completed in 11ms
8 timing config:load:env Completed in 0ms
9 timing config:load:file:/data/.npmrc Completed in 0ms
10 timing config:load:project Completed in 1ms
11 timing config:load:file:/root/.npmrc Completed in 0ms
12 timing config:load:user Completed in 0ms
13 timing config:load:file:/usr/local/etc/npmrc Completed in 1ms
14 timing config:load:global Completed in 2ms
15 timing config:load:validate Completed in 0ms
16 timing config:load:credentials Completed in 1ms
17 timing config:load:setEnvs Completed in 1ms
18 timing config:load Completed in 20ms
19 timing npm:load:configload Completed in 20ms
20 timing npm:load:mkdirpcache Completed in 1ms
21 timing npm:load:mkdirplogs Completed in 0ms
22 verbose title npm remove node-red-contrib-button-events
23 verbose argv "remove" "--no-audit" "--no-update-notifier" "--no-fund" "--save" "node-red-contrib-button-events"
24 timing npm:load:setTitle Completed in 2ms
25 timing config:load:flatten Completed in 3ms
26 timing npm:load:display Completed in 4ms
27 verbose logfile logs-max:10 dir:/data/.npm/_logs
28 verbose logfile /data/.npm/_logs/2023-11-12T15_52_38_304Z-debug-0.log
29 timing npm:load:logFile Completed in 5ms
30 timing npm:load:timers Completed in 0ms
31 timing npm:load:configScope Completed in 0ms
32 timing npm:load Completed in 32ms
33 timing arborist:ctor Completed in 1ms
34 silly logfile start cleaning logs, removing 1 files
35 silly logfile done cleaning log files
36 timing idealTree:init Completed in 175ms
37 timing idealTree:userRequests Completed in 2ms
38 silly idealTree buildDeps
39 timing idealTree:#root Completed in 0ms
40 timing idealTree:buildDeps Completed in 1ms
41 timing idealTree:fixDepFlags Completed in 2ms
42 timing idealTree Completed in 185ms
43 verbose shrinkwrap failed to load node_modules/.package-lock.json missing from node_modules: ../root/smartButtons
44 timing reify:loadTrees Completed in 390ms
45 timing reify:diffTrees Completed in 8ms
46 silly reify mark retired [ '/data/node_modules/smartButtons' ]
47 silly reify mark retired [ '/data/node_modules/button-events' ]
48 silly reify mark retired [ '/data/node_modules/node-red-contrib-button-events' ]
49 silly reify moves {
49 silly reify   '/data/node_modules/smartButtons': '/data/node_modules/.smartButtons-7IP2qf4q',
49 silly reify   '/data/node_modules/button-events': '/data/node_modules/.button-events-EHAVlGCZ',
49 silly reify   '/data/node_modules/node-red-contrib-button-events': '/data/node_modules/.node-red-contrib-button-events-2vCZgCdl'
49 silly reify }
50 timing reify:retireShallow Completed in 6ms
51 timing reify:createSparse Completed in 0ms
52 timing reify:loadBundles Completed in 0ms
53 timing reifyNode:node_modules/smartButtons Completed in 89ms
54 timing reify:unpack Completed in 91ms
55 timing reify:unretire Completed in 0ms
56 timing build:queue Completed in 0ms
57 timing build:deps Completed in 0ms
58 timing build:queue Completed in 0ms
59 timing build:links Completed in 0ms
60 timing build Completed in 1ms
61 timing reify:build Completed in 1ms
62 timing reify:trash Completed in 2ms
63 timing reify:save Completed in 60ms
64 timing reify Completed in 594ms
65 silly REMOVE node_modules/node-red-contrib-button-events
66 silly REMOVE node_modules/button-events
67 silly CHANGE node_modules/smartButtons
68 timing command:remove Completed in 598ms
69 verbose exit 0
70 timing npm Completed in 713ms
71 info ok
